(kicad_sch (version 20211123) (generator kicad-python-tools)
  (paper "A4")
  (lib_symbols)
)
